// Vitest Snapshot v1, https://vitest.dev/guide/snapshot.html

exports[`FilterDialog > should open the dialog based on "open" prop state and render content passed to slots 1`] = `[Function]`;
